// Jest Snapshot v1, https://goo.gl/fbAQLP

exports[`Pruebas en <GifItem /> debe de hacer match con el snapshot 1`] = `
<div>
  <div
    class="card"
  >
    <img
      alt="Este es el titulo"
      src="https://google.com.ve/img.jpg"
    />
    <p>
      Este es el titulo
    </p>
  </div>
</div>
`;
